---
source: crates/compiler-2/src/lowering/query.rs
expression: state
---
diags: []
abi: v0
names:
  accelerometer:
    node: 0
  gesture:
    node: 2
  label:
    node: 4
  most_confident_index:
    node: 3
  normalize:
    node: 1
  serial:
    node: 5
nodes:
  0:
    kind: input
    identifier:
      text: ACCEL
    outputs:
      - type: F32
        dimensions:
          - 1
          - 128
          - 3
          - 1
  1:
    kind: proc-block
    identifier:
      text: "hotg-ai/proc-blocks@v0.11.3#normalize"
    outputs:
      - type: f32
        dimensions:
          - 1
          - 128
          - 3
          - 1
  2:
    kind: model
    identifier:
      text: "./model.tflite"
    outputs:
      - type: f32
        dimensions:
          - 1
          - 4
  3:
    kind: proc-block
    identifier:
      text: "hotg-ai/proc-blocks@v0.11.3#most_confident_indices"
    outputs:
      - type: U32
        dimensions:
          - 1
  4:
    kind: proc-block
    identifier:
      text: "hotg-ai/proc-blocks@v0.11.3#label"
    outputs:
      - type: UTF8
        dimensions:
          - 1
  5:
    kind: output
    identifier:
      text: SERIAL
    outputs: []
inputs:
  0: []
  1:
    - node: 0
      index: 0
  2:
    - node: 1
      index: 0
  3:
    - node: 2
      index: 0
  4:
    - node: 3
      index: 0
  5:
    - node: 4
      index: 0
arguments:
  0:
    n:
      value:
        text: "128"
  1: {}
  2: {}
  3:
    count:
      value:
        text: "1"
  4:
    wordlist:
      value:
        text: "Wing\nRing\nSlope\nUnknown"
  5: {}
resources: {}

