---
source: crates/compiler-2/src/lowering/query.rs
expression: state
---
diags: []
abi: v0
node-names:
  accelerometer: 1
  gesture: 3
  label: 5
  most_confident_index: 4
  normalize: 2
  serial: 6
nodes:
  1:
    kind: input
    identifier:
      text: ACCEL
    inputs: []
    outputs:
      - type: F32
        dimensions:
          - 1
          - 128
          - 3
          - 1
  2:
    kind: proc-block
    identifier:
      text: "hotg-ai/proc-blocks@v0.11.3#normalize"
    inputs:
      - node: 1
        index: 0
    outputs:
      - type: f32
        dimensions:
          - 1
          - 128
          - 3
          - 1
  3:
    kind: model
    identifier:
      text: "./model.tflite"
    inputs:
      - node: 2
        index: 0
    outputs:
      - type: f32
        dimensions:
          - 1
          - 4
  4:
    kind: proc-block
    identifier:
      text: "hotg-ai/proc-blocks@v0.11.3#most_confident_indices"
    inputs:
      - node: 3
        index: 0
    outputs:
      - type: U32
        dimensions:
          - 1
  5:
    kind: proc-block
    identifier:
      text: "hotg-ai/proc-blocks@v0.11.3#label"
    inputs:
      - node: 4
        index: 0
    outputs:
      - type: UTF8
        dimensions:
          - 1
  6:
    kind: output
    identifier:
      text: SERIAL
    inputs:
      - node: 5
        index: 0
    outputs: []
arguments:
  1:
    n: 7
  2: {}
  3: {}
  4:
    count: 9
  5:
    wordlist: 8
  6: {}
argument-values:
  7:
    value:
      text: "128"
  8:
    value:
      text: "Wing\nRing\nSlope\nUnknown"
  9:
    value:
      text: "1"
resource-names: {}
resources: {}

